// Jest Snapshot v1, https://goo.gl/fbAQLP

exports[`NewsFeed rendering renders correctly 1`] = `
ShallowWrapper {
  Symbol(enzyme.__root__): [Circular],
  Symbol(enzyme.__unrendered__): <NewsFeed
    popularNewsData={
      Array [
        Object {
          "abstract": "Test news data",
          "byline": "\\"By MICHAEL D. SHEAR",
          "media": Array [
            Object {
              "caption": "“Let’s see what happens,” President Trump said Thursday after Iran shot down an American surveillance drone.",
              "copyright": "Erin Schaff/The New York Times",
            },
          ],
          "published_date": "23/05/2019",
          "url": "\\"https://www.nytimes.com/2019/06/20/world/middleeast/iran-us-drone.html\\"",
        },
      ]
    }
  />,
  Symbol(enzyme.__renderer__): Object {
    "batchedUpdates": [Function],
    "checkPropTypes": [Function],
    "getNode": [Function],
    "render": [Function],
    "simulateError": [Function],
    "simulateEvent": [Function],
    "unmount": [Function],
  },
  Symbol(enzyme.__node__): Object {
    "instance": null,
    "key": undefined,
    "nodeType": "function",
    "props": Object {
      "children": Array [
        <ForwardRef(styled.header)>
          NYTimes Most Popular News Feed
        </ForwardRef(styled.header)>,
        Array [
          <ForwardRef(styled.ul)>
            <NewsItems
              media={
                Array [
                  Object {
                    "caption": "“Let’s see what happens,” President Trump said Thursday after Iran shot down an American surveillance drone.",
                    "copyright": "Erin Schaff/The New York Times",
                  },
                ]
              }
              newsLink="\\"https://www.nytimes.com/2019/06/20/world/middleeast/iran-us-drone.html\\""
              publishedDate="23/05/2019"
              summary="Test news data"
              writtenBy="\\"By MICHAEL D. SHEAR"
            />
          </ForwardRef(styled.ul)>,
        ],
      ],
    },
    "ref": null,
    "rendered": Array [
      Object {
        "instance": null,
        "key": undefined,
        "nodeType": "function",
        "props": Object {
          "children": "NYTimes Most Popular News Feed",
        },
        "ref": null,
        "rendered": "NYTimes Most Popular News Feed",
        "type": Object {
          "$$typeof": Symbol(react.forward_ref),
          "attrs": Array [],
          "componentStyle": ComponentStyle {
            "componentId": "sc-bdVaJa",
            "isStatic": true,
            "rules": Array [
              "
    text-align: center;
    font-size: 30px;
    padding: 15px;
",
            ],
          },
          "displayName": "styled.header",
          "foldedComponentIds": Array [],
          "render": [Function],
          "styledComponentId": "sc-bdVaJa",
          "target": "header",
          "toString": [Function],
          "warnTooManyClasses": [Function],
          "withComponent": [Function],
        },
      },
      Object {
        "instance": null,
        "key": undefined,
        "nodeType": "function",
        "props": Object {
          "children": <NewsItems
            media={
              Array [
                Object {
                  "caption": "“Let’s see what happens,” President Trump said Thursday after Iran shot down an American surveillance drone.",
                  "copyright": "Erin Schaff/The New York Times",
                },
              ]
            }
            newsLink="\\"https://www.nytimes.com/2019/06/20/world/middleeast/iran-us-drone.html\\""
            publishedDate="23/05/2019"
            summary="Test news data"
            writtenBy="\\"By MICHAEL D. SHEAR"
          />,
        },
        "ref": null,
        "rendered": Object {
          "instance": null,
          "key": undefined,
          "nodeType": "function",
          "props": Object {
            "media": Array [
              Object {
                "caption": "“Let’s see what happens,” President Trump said Thursday after Iran shot down an American surveillance drone.",
                "copyright": "Erin Schaff/The New York Times",
              },
            ],
            "newsLink": "\\"https://www.nytimes.com/2019/06/20/world/middleeast/iran-us-drone.html\\"",
            "publishedDate": "23/05/2019",
            "summary": "Test news data",
            "writtenBy": "\\"By MICHAEL D. SHEAR",
          },
          "ref": null,
          "rendered": null,
          "type": [Function],
        },
        "type": Object {
          "$$typeof": Symbol(react.forward_ref),
          "attrs": Array [],
          "componentStyle": ComponentStyle {
            "componentId": "sc-htpNat",
            "isStatic": true,
            "rules": Array [
              "
    list-style-type: none;
    margin: 1% 20%;
",
            ],
          },
          "displayName": "styled.ul",
          "foldedComponentIds": Array [],
          "render": [Function],
          "styledComponentId": "sc-htpNat",
          "target": "ul",
          "toString": [Function],
          "warnTooManyClasses": [Function],
          "withComponent": [Function],
        },
      },
    ],
    "type": Symbol(react.fragment),
  },
  Symbol(enzyme.__nodes__): Array [
    Object {
      "instance": null,
      "key": undefined,
      "nodeType": "function",
      "props": Object {
        "children": Array [
          <ForwardRef(styled.header)>
            NYTimes Most Popular News Feed
          </ForwardRef(styled.header)>,
          Array [
            <ForwardRef(styled.ul)>
              <NewsItems
                media={
                  Array [
                    Object {
                      "caption": "“Let’s see what happens,” President Trump said Thursday after Iran shot down an American surveillance drone.",
                      "copyright": "Erin Schaff/The New York Times",
                    },
                  ]
                }
                newsLink="\\"https://www.nytimes.com/2019/06/20/world/middleeast/iran-us-drone.html\\""
                publishedDate="23/05/2019"
                summary="Test news data"
                writtenBy="\\"By MICHAEL D. SHEAR"
              />
            </ForwardRef(styled.ul)>,
          ],
        ],
      },
      "ref": null,
      "rendered": Array [
        Object {
          "instance": null,
          "key": undefined,
          "nodeType": "function",
          "props": Object {
            "children": "NYTimes Most Popular News Feed",
          },
          "ref": null,
          "rendered": "NYTimes Most Popular News Feed",
          "type": Object {
            "$$typeof": Symbol(react.forward_ref),
            "attrs": Array [],
            "componentStyle": ComponentStyle {
              "componentId": "sc-bdVaJa",
              "isStatic": true,
              "rules": Array [
                "
    text-align: center;
    font-size: 30px;
    padding: 15px;
",
              ],
            },
            "displayName": "styled.header",
            "foldedComponentIds": Array [],
            "render": [Function],
            "styledComponentId": "sc-bdVaJa",
            "target": "header",
            "toString": [Function],
            "warnTooManyClasses": [Function],
            "withComponent": [Function],
          },
        },
        Object {
          "instance": null,
          "key": undefined,
          "nodeType": "function",
          "props": Object {
            "children": <NewsItems
              media={
                Array [
                  Object {
                    "caption": "“Let’s see what happens,” President Trump said Thursday after Iran shot down an American surveillance drone.",
                    "copyright": "Erin Schaff/The New York Times",
                  },
                ]
              }
              newsLink="\\"https://www.nytimes.com/2019/06/20/world/middleeast/iran-us-drone.html\\""
              publishedDate="23/05/2019"
              summary="Test news data"
              writtenBy="\\"By MICHAEL D. SHEAR"
            />,
          },
          "ref": null,
          "rendered": Object {
            "instance": null,
            "key": undefined,
            "nodeType": "function",
            "props": Object {
              "media": Array [
                Object {
                  "caption": "“Let’s see what happens,” President Trump said Thursday after Iran shot down an American surveillance drone.",
                  "copyright": "Erin Schaff/The New York Times",
                },
              ],
              "newsLink": "\\"https://www.nytimes.com/2019/06/20/world/middleeast/iran-us-drone.html\\"",
              "publishedDate": "23/05/2019",
              "summary": "Test news data",
              "writtenBy": "\\"By MICHAEL D. SHEAR",
            },
            "ref": null,
            "rendered": null,
            "type": [Function],
          },
          "type": Object {
            "$$typeof": Symbol(react.forward_ref),
            "attrs": Array [],
            "componentStyle": ComponentStyle {
              "componentId": "sc-htpNat",
              "isStatic": true,
              "rules": Array [
                "
    list-style-type: none;
    margin: 1% 20%;
",
              ],
            },
            "displayName": "styled.ul",
            "foldedComponentIds": Array [],
            "render": [Function],
            "styledComponentId": "sc-htpNat",
            "target": "ul",
            "toString": [Function],
            "warnTooManyClasses": [Function],
            "withComponent": [Function],
          },
        },
      ],
      "type": Symbol(react.fragment),
    },
  ],
  Symbol(enzyme.__options__): Object {
    "adapter": ReactSixteenAdapter {
      "options": Object {
        "enableComponentDidUpdateOnSetState": true,
        "legacyContextMode": "parent",
        "lifecycles": Object {
          "componentDidUpdate": Object {
            "onSetState": true,
          },
          "getChildContext": Object {
            "calledByRenderer": false,
          },
          "getDerivedStateFromError": true,
          "getDerivedStateFromProps": Object {
            "hasShouldComponentUpdateBug": false,
          },
          "getSnapshotBeforeUpdate": true,
          "setState": Object {
            "skipsComponentDidUpdateOnNullish": true,
          },
        },
      },
    },
    Symbol(enzyme.__providerValues__): undefined,
  },
  Symbol(enzyme.__providerValues__): Map {},
}
`;
